[2026-01-05 00:24:19] [INFO] Validando módulos: ["Programaci\u00f3n Web"] para Profesor ID: 14
[2026-01-05 00:24:19] [INFO] Resultados validación: [{"nombre":"Programaci\u00f3n Web","id_profesor":null,"p_nombre":null,"p_apellido":null}]
[2026-01-05 00:24:27] [INFO] Validando módulos: ["An\u00e1lisis y Dise\u00f1o de Reportes","Desarrollo de Aplicaciones","Programaci\u00f3n Web"] para Profesor ID: 6
[2026-01-05 00:24:27] [INFO] Resultados validación: [{"nombre":"An\u00e1lisis y Dise\u00f1o de Reportes","id_profesor":6,"p_nombre":"Luis Alfredo","p_apellido":"Hiraldo"},{"nombre":"Programaci\u00f3n Web","id_profesor":14,"p_nombre":"Max","p_apellido":"Hiraldo"},{"nombre":"Desarrollo de Aplicaciones","id_profesor":6,"p_nombre":"Luis Alfredo","p_apellido":"Hiraldo"}]
[2026-01-05 00:24:28] [INFO] Validando módulos: ["An\u00e1lisis y Dise\u00f1o de Reportes","Desarrollo de Aplicaciones","Programaci\u00f3n Web"] para Profesor ID: 6
[2026-01-05 00:24:28] [INFO] Resultados validación: [{"nombre":"An\u00e1lisis y Dise\u00f1o de Reportes","id_profesor":6,"p_nombre":"Luis Alfredo","p_apellido":"Hiraldo"},{"nombre":"Programaci\u00f3n Web","id_profesor":14,"p_nombre":"Max","p_apellido":"Hiraldo"},{"nombre":"Desarrollo de Aplicaciones","id_profesor":6,"p_nombre":"Luis Alfredo","p_apellido":"Hiraldo"}]
[2026-01-05 00:24:28] [INFO] Validando módulos: ["An\u00e1lisis y Dise\u00f1o de Reportes","Desarrollo de Aplicaciones","Programaci\u00f3n Web"] para Profesor ID: 6
[2026-01-05 00:24:28] [INFO] Resultados validación: [{"nombre":"An\u00e1lisis y Dise\u00f1o de Reportes","id_profesor":6,"p_nombre":"Luis Alfredo","p_apellido":"Hiraldo"},{"nombre":"Programaci\u00f3n Web","id_profesor":14,"p_nombre":"Max","p_apellido":"Hiraldo"},{"nombre":"Desarrollo de Aplicaciones","id_profesor":6,"p_nombre":"Luis Alfredo","p_apellido":"Hiraldo"}]
[2026-01-05 00:24:29] [INFO] Validando módulos: ["An\u00e1lisis y Dise\u00f1o de Reportes","Desarrollo de Aplicaciones","Programaci\u00f3n Web"] para Profesor ID: 6
[2026-01-05 00:24:29] [INFO] Resultados validación: [{"nombre":"An\u00e1lisis y Dise\u00f1o de Reportes","id_profesor":6,"p_nombre":"Luis Alfredo","p_apellido":"Hiraldo"},{"nombre":"Programaci\u00f3n Web","id_profesor":14,"p_nombre":"Max","p_apellido":"Hiraldo"},{"nombre":"Desarrollo de Aplicaciones","id_profesor":6,"p_nombre":"Luis Alfredo","p_apellido":"Hiraldo"}]
[2026-01-05 00:24:35] [INFO] Validando módulos: ["Gesti\u00f3n de Bases de Datos"] para Profesor ID: 14
[2026-01-05 00:24:35] [INFO] Resultados validación: [{"nombre":"Gesti\u00f3n de Bases de Datos","id_profesor":null,"p_nombre":null,"p_apellido":null}]
[2026-01-05 00:24:41] [INFO] Validando módulos: ["An\u00e1lisis y Dise\u00f1o de Reportes","Desarrollo de Aplicaciones","Programaci\u00f3n Web"] para Profesor ID: 6
[2026-01-05 00:24:41] [INFO] Resultados validación: [{"nombre":"An\u00e1lisis y Dise\u00f1o de Reportes","id_profesor":6,"p_nombre":"Luis Alfredo","p_apellido":"Hiraldo"},{"nombre":"Programaci\u00f3n Web","id_profesor":null,"p_nombre":null,"p_apellido":null},{"nombre":"Desarrollo de Aplicaciones","id_profesor":6,"p_nombre":"Luis Alfredo","p_apellido":"Hiraldo"}]
[2026-01-05 00:24:46] [INFO] Validando módulos: ["An\u00e1lisis y Dise\u00f1o de Reportes","Desarrollo de Aplicaciones"] para Profesor ID: 6
[2026-01-05 00:24:46] [INFO] Resultados validación: [{"nombre":"An\u00e1lisis y Dise\u00f1o de Reportes","id_profesor":6,"p_nombre":"Luis Alfredo","p_apellido":"Hiraldo"},{"nombre":"Desarrollo de Aplicaciones","id_profesor":6,"p_nombre":"Luis Alfredo","p_apellido":"Hiraldo"}]
[2026-01-05 00:24:52] [INFO] Validando módulos: ["An\u00e1lisis y Dise\u00f1o de Reportes","Desarrollo de Aplicaciones","Programaci\u00f3n Web"] para Profesor ID: 6
[2026-01-05 00:24:52] [INFO] Resultados validación: [{"nombre":"An\u00e1lisis y Dise\u00f1o de Reportes","id_profesor":6,"p_nombre":"Luis Alfredo","p_apellido":"Hiraldo"},{"nombre":"Programaci\u00f3n Web","id_profesor":null,"p_nombre":null,"p_apellido":null},{"nombre":"Desarrollo de Aplicaciones","id_profesor":6,"p_nombre":"Luis Alfredo","p_apellido":"Hiraldo"}]
[2026-01-05 00:24:59] [INFO] Validando módulos: ["Gesti\u00f3n de Bases de Datos","Programaci\u00f3n Web"] para Profesor ID: 14
[2026-01-05 00:24:59] [INFO] Resultados validación: [{"nombre":"Programaci\u00f3n Web","id_profesor":6,"p_nombre":"Luis Alfredo","p_apellido":"Hiraldo"},{"nombre":"Gesti\u00f3n de Bases de Datos","id_profesor":14,"p_nombre":"Max","p_apellido":"Hiraldo"}]
[2026-01-05 00:24:59] [INFO] Validando módulos: ["Gesti\u00f3n de Bases de Datos","Programaci\u00f3n Web"] para Profesor ID: 14
[2026-01-05 00:24:59] [INFO] Resultados validación: [{"nombre":"Programaci\u00f3n Web","id_profesor":6,"p_nombre":"Luis Alfredo","p_apellido":"Hiraldo"},{"nombre":"Gesti\u00f3n de Bases de Datos","id_profesor":14,"p_nombre":"Max","p_apellido":"Hiraldo"}]
[2026-01-05 00:24:59] [INFO] Validando módulos: ["Gesti\u00f3n de Bases de Datos","Programaci\u00f3n Web"] para Profesor ID: 14
[2026-01-05 00:24:59] [INFO] Resultados validación: [{"nombre":"Programaci\u00f3n Web","id_profesor":6,"p_nombre":"Luis Alfredo","p_apellido":"Hiraldo"},{"nombre":"Gesti\u00f3n de Bases de Datos","id_profesor":14,"p_nombre":"Max","p_apellido":"Hiraldo"}]
