[02-Jan-2026 23:08:40 Europe/Berlin] PHP Deprecated:  Creation of dynamic property TempStreamWrapper::$context is deprecated in C:\xampp\htdocs\Sistema_Estudiantes_Laravel\app\Controllers\AuthController.php on line 16
[02-Jan-2026 23:08:40 Europe/Berlin] PHP Warning:  file_get_contents(): TempStreamWrapper::stream_stat is not implemented! in C:\xampp\htdocs\Sistema_Estudiantes_Laravel\app\Controllers\AuthController.php on line 16
[02-Jan-2026 23:08:40 Europe/Berlin] PHP Fatal error:  Uncaught Error: Call to undefined function App\Controllers\response() in C:\xampp\htdocs\Sistema_Estudiantes_Laravel\app\Controllers\AuthController.php:33
Stack trace:
#0 C:\xampp\htdocs\Sistema_Estudiantes_Laravel\public\index.php(251): App\Controllers\AuthController->register()
#1 C:\xampp\htdocs\Sistema_Estudiantes_Laravel\test_endpoint.php(61): include('C:\\xampp\\htdocs...')
#2 {main}
  thrown in C:\xampp\htdocs\Sistema_Estudiantes_Laravel\app\Controllers\AuthController.php on line 33
[02-Jan-2026 23:08:50 Europe/Berlin] PHP Fatal error:  Uncaught Error: Call to undefined function App\Controllers\response() in C:\xampp\htdocs\Sistema_Estudiantes_Laravel\app\Controllers\AuthController.php:56
Stack trace:
#0 C:\xampp\htdocs\Sistema_Estudiantes_Laravel\public\index.php(251): App\Controllers\AuthController->login()
#1 {main}
  thrown in C:\xampp\htdocs\Sistema_Estudiantes_Laravel\app\Controllers\AuthController.php on line 56
[02-Jan-2026 23:09:29 Europe/Berlin] PHP Fatal error:  Uncaught Error: Call to undefined function App\Controllers\response() in C:\xampp\htdocs\Sistema_Estudiantes_Laravel\app\Controllers\AuthController.php:56
Stack trace:
#0 C:\xampp\htdocs\Sistema_Estudiantes_Laravel\public\index.php(251): App\Controllers\AuthController->login()
#1 {main}
  thrown in C:\xampp\htdocs\Sistema_Estudiantes_Laravel\app\Controllers\AuthController.php on line 56
[02-Jan-2026 23:11:47 Europe/Berlin] PHP Fatal error:  Uncaught Error: Call to undefined function App\Controllers\response() in C:\xampp\htdocs\Sistema_Estudiantes_Laravel\app\Controllers\AuthController.php:33
Stack trace:
#0 C:\xampp\htdocs\Sistema_Estudiantes_Laravel\public\index.php(253): App\Controllers\AuthController->register()
#1 {main}
  thrown in C:\xampp\htdocs\Sistema_Estudiantes_Laravel\app\Controllers\AuthController.php on line 33
[02-Jan-2026 23:12:14 Europe/Berlin] PHP Fatal error:  Uncaught Error: Call to undefined function App\Controllers\response() in C:\xampp\htdocs\Sistema_Estudiantes_Laravel\app\Controllers\AuthController.php:20
Stack trace:
#0 C:\xampp\htdocs\Sistema_Estudiantes_Laravel\public\index.php(253): App\Controllers\AuthController->register()
#1 {main}
  thrown in C:\xampp\htdocs\Sistema_Estudiantes_Laravel\app\Controllers\AuthController.php on line 20
[02-Jan-2026 23:12:38 Europe/Berlin] PHP Fatal error:  Uncaught Error: Call to undefined function App\Controllers\response() in C:\xampp\htdocs\Sistema_Estudiantes_Laravel\app\Controllers\AuthController.php:56
Stack trace:
#0 C:\xampp\htdocs\Sistema_Estudiantes_Laravel\public\index.php(253): App\Controllers\AuthController->login()
#1 {main}
  thrown in C:\xampp\htdocs\Sistema_Estudiantes_Laravel\app\Controllers\AuthController.php on line 56
[02-Jan-2026 23:12:56 Europe/Berlin] PHP Fatal error:  Uncaught Error: Call to undefined function App\Controllers\response() in C:\xampp\htdocs\Sistema_Estudiantes_Laravel\app\Controllers\AuthController.php:56
Stack trace:
#0 C:\xampp\htdocs\Sistema_Estudiantes_Laravel\public\index.php(253): App\Controllers\AuthController->login()
#1 {main}
  thrown in C:\xampp\htdocs\Sistema_Estudiantes_Laravel\app\Controllers\AuthController.php on line 56
[02-Jan-2026 23:14:13 Europe/Berlin] PHP Fatal error:  Uncaught Error: Call to undefined function response() in C:\xampp\htdocs\Sistema_Estudiantes_Laravel\app\Controllers\AuthController.php:57
Stack trace:
#0 C:\xampp\htdocs\Sistema_Estudiantes_Laravel\public\index.php(253): App\Controllers\AuthController->login()
#1 {main}
  thrown in C:\xampp\htdocs\Sistema_Estudiantes_Laravel\app\Controllers\AuthController.php on line 57
[02-Jan-2026 23:15:07 Europe/Berlin] PHP Fatal error:  Uncaught Error: Call to undefined function response() in C:\xampp\htdocs\Sistema_Estudiantes_Laravel\app\Controllers\AuthController.php:56
Stack trace:
#0 C:\xampp\htdocs\Sistema_Estudiantes_Laravel\public\index.php(253): App\Controllers\AuthController->login()
#1 {main}
  thrown in C:\xampp\htdocs\Sistema_Estudiantes_Laravel\app\Controllers\AuthController.php on line 56
[02-Jan-2026 23:15:14 Europe/Berlin] PHP Fatal error:  Uncaught Error: Call to undefined function response() in C:\xampp\htdocs\Sistema_Estudiantes_Laravel\app\Controllers\AuthController.php:56
Stack trace:
#0 C:\xampp\htdocs\Sistema_Estudiantes_Laravel\public\index.php(253): App\Controllers\AuthController->login()
#1 {main}
  thrown in C:\xampp\htdocs\Sistema_Estudiantes_Laravel\app\Controllers\AuthController.php on line 56
[02-Jan-2026 23:15:21 Europe/Berlin] PHP Fatal error:  Uncaught Error: Call to undefined function response() in C:\xampp\htdocs\Sistema_Estudiantes_Laravel\app\Controllers\AuthController.php:56
Stack trace:
#0 C:\xampp\htdocs\Sistema_Estudiantes_Laravel\public\index.php(253): App\Controllers\AuthController->login()
#1 {main}
  thrown in C:\xampp\htdocs\Sistema_Estudiantes_Laravel\app\Controllers\AuthController.php on line 56
[02-Jan-2026 23:15:57 Europe/Berlin] PHP Fatal error:  Uncaught Error: Call to undefined function response() in C:\xampp\htdocs\Sistema_Estudiantes_Laravel\app\Controllers\AuthController.php:56
Stack trace:
#0 C:\xampp\htdocs\Sistema_Estudiantes_Laravel\public\index.php(258): App\Controllers\AuthController->login()
#1 {main}
  thrown in C:\xampp\htdocs\Sistema_Estudiantes_Laravel\app\Controllers\AuthController.php on line 56
[02-Jan-2026 23:16:42 Europe/Berlin] PHP Fatal error:  Uncaught Error: Call to undefined function response() in C:\xampp\htdocs\Sistema_Estudiantes_Laravel\app\Controllers\AuthController.php:56
Stack trace:
#0 C:\xampp\htdocs\Sistema_Estudiantes_Laravel\public\index.php(258): App\Controllers\AuthController->login()
#1 {main}
  thrown in C:\xampp\htdocs\Sistema_Estudiantes_Laravel\app\Controllers\AuthController.php on line 56
[02-Jan-2026 23:16:48 Europe/Berlin] PHP Fatal error:  Uncaught Error: Call to undefined function response() in C:\xampp\htdocs\Sistema_Estudiantes_Laravel\app\Controllers\AuthController.php:20
Stack trace:
#0 C:\xampp\htdocs\Sistema_Estudiantes_Laravel\public\index.php(258): App\Controllers\AuthController->register()
#1 {main}
  thrown in C:\xampp\htdocs\Sistema_Estudiantes_Laravel\app\Controllers\AuthController.php on line 20
[02-Jan-2026 23:16:48 Europe/Berlin] PHP Fatal error:  Uncaught Error: Call to undefined function response() in C:\xampp\htdocs\Sistema_Estudiantes_Laravel\app\Controllers\AuthController.php:20
Stack trace:
#0 C:\xampp\htdocs\Sistema_Estudiantes_Laravel\public\index.php(258): App\Controllers\AuthController->register()
#1 {main}
  thrown in C:\xampp\htdocs\Sistema_Estudiantes_Laravel\app\Controllers\AuthController.php on line 20
[02-Jan-2026 23:16:49 Europe/Berlin] PHP Fatal error:  Uncaught Error: Call to undefined function response() in C:\xampp\htdocs\Sistema_Estudiantes_Laravel\app\Controllers\AuthController.php:20
Stack trace:
#0 C:\xampp\htdocs\Sistema_Estudiantes_Laravel\public\index.php(258): App\Controllers\AuthController->register()
#1 {main}
  thrown in C:\xampp\htdocs\Sistema_Estudiantes_Laravel\app\Controllers\AuthController.php on line 20
[02-Jan-2026 23:16:50 Europe/Berlin] PHP Fatal error:  Uncaught Error: Call to undefined function response() in C:\xampp\htdocs\Sistema_Estudiantes_Laravel\app\Controllers\AuthController.php:56
Stack trace:
#0 C:\xampp\htdocs\Sistema_Estudiantes_Laravel\public\index.php(258): App\Controllers\AuthController->login()
#1 {main}
  thrown in C:\xampp\htdocs\Sistema_Estudiantes_Laravel\app\Controllers\AuthController.php on line 56
[02-Jan-2026 23:16:50 Europe/Berlin] PHP Fatal error:  Uncaught Error: Call to undefined function response() in C:\xampp\htdocs\Sistema_Estudiantes_Laravel\app\Controllers\AuthController.php:56
Stack trace:
#0 C:\xampp\htdocs\Sistema_Estudiantes_Laravel\public\index.php(258): App\Controllers\AuthController->login()
#1 {main}
  thrown in C:\xampp\htdocs\Sistema_Estudiantes_Laravel\app\Controllers\AuthController.php on line 56
[03-Jan-2026 00:13:23 Europe/Berlin] PHP Fatal error:  Uncaught Error: Call to undefined function response() in C:\xampp\htdocs\Sistema_Estudiantes_Laravel\app\Controllers\AuthController.php:56
Stack trace:
#0 C:\xampp\htdocs\Sistema_Estudiantes_Laravel\public\index.php(258): App\Controllers\AuthController->login()
#1 {main}
  thrown in C:\xampp\htdocs\Sistema_Estudiantes_Laravel\app\Controllers\AuthController.php on line 56
[03-Jan-2026 00:14:02 Europe/Berlin] PHP Fatal error:  Uncaught Error: Call to undefined function response() in C:\xampp\htdocs\Sistema_Estudiantes_Laravel\app\Controllers\AuthController.php:56
Stack trace:
#0 C:\xampp\htdocs\Sistema_Estudiantes_Laravel\public\index.php(258): App\Controllers\AuthController->login()
#1 {main}
  thrown in C:\xampp\htdocs\Sistema_Estudiantes_Laravel\app\Controllers\AuthController.php on line 56
[03-Jan-2026 00:14:12 Europe/Berlin] PHP Fatal error:  Uncaught Error: Call to undefined function response() in C:\xampp\htdocs\Sistema_Estudiantes_Laravel\app\Controllers\AuthController.php:56
Stack trace:
#0 C:\xampp\htdocs\Sistema_Estudiantes_Laravel\public\index.php(258): App\Controllers\AuthController->login()
#1 {main}
  thrown in C:\xampp\htdocs\Sistema_Estudiantes_Laravel\app\Controllers\AuthController.php on line 56
[03-Jan-2026 00:15:03 Europe/Berlin] PHP Fatal error:  Uncaught Error: Call to undefined function response() in C:\xampp\htdocs\Sistema_Estudiantes_Laravel\app\Controllers\AuthController.php:56
Stack trace:
#0 C:\xampp\htdocs\Sistema_Estudiantes_Laravel\public\index.php(258): App\Controllers\AuthController->login()
#1 {main}
  thrown in C:\xampp\htdocs\Sistema_Estudiantes_Laravel\app\Controllers\AuthController.php on line 56
[03-Jan-2026 00:29:34 Europe/Berlin] PHP Fatal error:  Uncaught TypeError: App\Models\Usuario::__construct(): Argument #1 ($attributes) must be of type array, null given, called in C:\xampp\htdocs\Sistema_Estudiantes_Laravel\app\Controllers\UsuarioController.php on line 23 and defined in C:\xampp\htdocs\Sistema_Estudiantes_Laravel\app\Models\Usuario.php:10
Stack trace:
#0 C:\xampp\htdocs\Sistema_Estudiantes_Laravel\app\Controllers\UsuarioController.php(23): App\Models\Usuario->__construct(NULL)
#1 C:\xampp\htdocs\Sistema_Estudiantes_Laravel\public\index.php(268): App\Controllers\UsuarioController->store()
#2 {main}
  thrown in C:\xampp\htdocs\Sistema_Estudiantes_Laravel\app\Models\Usuario.php on line 10
[03-Jan-2026 00:29:54 Europe/Berlin] PHP Fatal error:  Uncaught TypeError: App\Models\Usuario::__construct(): Argument #1 ($attributes) must be of type array, null given, called in C:\xampp\htdocs\Sistema_Estudiantes_Laravel\app\Controllers\UsuarioController.php on line 23 and defined in C:\xampp\htdocs\Sistema_Estudiantes_Laravel\app\Models\Usuario.php:10
Stack trace:
#0 C:\xampp\htdocs\Sistema_Estudiantes_Laravel\app\Controllers\UsuarioController.php(23): App\Models\Usuario->__construct(NULL)
#1 C:\xampp\htdocs\Sistema_Estudiantes_Laravel\public\index.php(268): App\Controllers\UsuarioController->store()
#2 {main}
  thrown in C:\xampp\htdocs\Sistema_Estudiantes_Laravel\app\Models\Usuario.php on line 10
[03-Jan-2026 02:17:50 Europe/Berlin] PHP Fatal error:  Uncaught Error: Call to undefined method App\Controllers\CalificacionesAcademicasController::requireAuth() in C:\xampp\htdocs\Sistema_Estudiantes_Laravel\app\Controllers\CalificacionesAcademicasController.php:18
Stack trace:
#0 C:\xampp\htdocs\Sistema_Estudiantes_Laravel\public\index.php(292): App\Controllers\CalificacionesAcademicasController->index()
#1 {main}
  thrown in C:\xampp\htdocs\Sistema_Estudiantes_Laravel\app\Controllers\CalificacionesAcademicasController.php on line 18
[03-Jan-2026 02:17:59 Europe/Berlin] PHP Fatal error:  Uncaught Error: Call to undefined method App\Controllers\CalificacionesAcademicasController::requireAuth() in C:\xampp\htdocs\Sistema_Estudiantes_Laravel\app\Controllers\CalificacionesAcademicasController.php:18
Stack trace:
#0 C:\xampp\htdocs\Sistema_Estudiantes_Laravel\public\index.php(292): App\Controllers\CalificacionesAcademicasController->index()
#1 {main}
  thrown in C:\xampp\htdocs\Sistema_Estudiantes_Laravel\app\Controllers\CalificacionesAcademicasController.php on line 18
[03-Jan-2026 02:18:15 Europe/Berlin] PHP Fatal error:  Uncaught Error: Call to undefined method App\Controllers\CalificacionesTecnicasController::requireAuth() in C:\xampp\htdocs\Sistema_Estudiantes_Laravel\app\Controllers\CalificacionesTecnicasController.php:17
Stack trace:
#0 C:\xampp\htdocs\Sistema_Estudiantes_Laravel\public\index.php(292): App\Controllers\CalificacionesTecnicasController->index()
#1 {main}
  thrown in C:\xampp\htdocs\Sistema_Estudiantes_Laravel\app\Controllers\CalificacionesTecnicasController.php on line 17
[03-Jan-2026 02:19:07 Europe/Berlin] PHP Fatal error:  Uncaught Error: Call to undefined method App\Controllers\CalificacionesAcademicasController::requireAuth() in C:\xampp\htdocs\Sistema_Estudiantes_Laravel\app\Controllers\CalificacionesAcademicasController.php:18
Stack trace:
#0 C:\xampp\htdocs\Sistema_Estudiantes_Laravel\public\index.php(292): App\Controllers\CalificacionesAcademicasController->index()
#1 {main}
  thrown in C:\xampp\htdocs\Sistema_Estudiantes_Laravel\app\Controllers\CalificacionesAcademicasController.php on line 18
[03-Jan-2026 02:19:14 Europe/Berlin] PHP Fatal error:  Uncaught Error: Call to undefined method App\Controllers\CalificacionesAcademicasController::requireAuth() in C:\xampp\htdocs\Sistema_Estudiantes_Laravel\app\Controllers\CalificacionesAcademicasController.php:18
Stack trace:
#0 C:\xampp\htdocs\Sistema_Estudiantes_Laravel\public\index.php(292): App\Controllers\CalificacionesAcademicasController->index()
#1 {main}
  thrown in C:\xampp\htdocs\Sistema_Estudiantes_Laravel\app\Controllers\CalificacionesAcademicasController.php on line 18
[03-Jan-2026 02:19:40 Europe/Berlin] PHP Fatal error:  Uncaught Error: Call to undefined method App\Controllers\CalificacionesTecnicasController::requireAuth() in C:\xampp\htdocs\Sistema_Estudiantes_Laravel\app\Controllers\CalificacionesTecnicasController.php:17
Stack trace:
#0 C:\xampp\htdocs\Sistema_Estudiantes_Laravel\public\index.php(292): App\Controllers\CalificacionesTecnicasController->index()
#1 {main}
  thrown in C:\xampp\htdocs\Sistema_Estudiantes_Laravel\app\Controllers\CalificacionesTecnicasController.php on line 17
[03-Jan-2026 02:22:26 Europe/Berlin] PHP Fatal error:  Uncaught Error: Call to undefined method App\Controllers\CalificacionesAcademicasController::requireAuth() in C:\xampp\htdocs\Sistema_Estudiantes_Laravel\app\Controllers\CalificacionesAcademicasController.php:18
Stack trace:
#0 C:\xampp\htdocs\Sistema_Estudiantes_Laravel\public\index.php(292): App\Controllers\CalificacionesAcademicasController->index()
#1 {main}
  thrown in C:\xampp\htdocs\Sistema_Estudiantes_Laravel\app\Controllers\CalificacionesAcademicasController.php on line 18
[03-Jan-2026 02:26:51 Europe/Berlin] PHP Fatal error:  Uncaught Error: Call to undefined method App\Controllers\CalificacionesAcademicasController::requireAuth() in C:\xampp\htdocs\Sistema_Estudiantes_Laravel\app\Controllers\CalificacionesAcademicasController.php:18
Stack trace:
#0 C:\xampp\htdocs\Sistema_Estudiantes_Laravel\public\index.php(292): App\Controllers\CalificacionesAcademicasController->index()
#1 {main}
  thrown in C:\xampp\htdocs\Sistema_Estudiantes_Laravel\app\Controllers\CalificacionesAcademicasController.php on line 18
[03-Jan-2026 02:26:53 Europe/Berlin] PHP Fatal error:  Uncaught Error: Call to undefined method App\Controllers\CalificacionesAcademicasController::requireAuth() in C:\xampp\htdocs\Sistema_Estudiantes_Laravel\app\Controllers\CalificacionesAcademicasController.php:18
Stack trace:
#0 C:\xampp\htdocs\Sistema_Estudiantes_Laravel\public\index.php(292): App\Controllers\CalificacionesAcademicasController->index()
#1 {main}
  thrown in C:\xampp\htdocs\Sistema_Estudiantes_Laravel\app\Controllers\CalificacionesAcademicasController.php on line 18
[03-Jan-2026 02:27:02 Europe/Berlin] PHP Fatal error:  Uncaught Error: Call to undefined method App\Controllers\CalificacionesTecnicasController::requireAuth() in C:\xampp\htdocs\Sistema_Estudiantes_Laravel\app\Controllers\CalificacionesTecnicasController.php:17
Stack trace:
#0 C:\xampp\htdocs\Sistema_Estudiantes_Laravel\public\index.php(292): App\Controllers\CalificacionesTecnicasController->index()
#1 {main}
  thrown in C:\xampp\htdocs\Sistema_Estudiantes_Laravel\app\Controllers\CalificacionesTecnicasController.php on line 17
[03-Jan-2026 02:32:27 Europe/Berlin] PHP Fatal error:  Uncaught Error: Call to undefined method App\Controllers\CalificacionesAcademicasController::requireAuth() in C:\xampp\htdocs\Sistema_Estudiantes_Laravel\app\Controllers\CalificacionesAcademicasController.php:18
Stack trace:
#0 C:\xampp\htdocs\Sistema_Estudiantes_Laravel\public\index.php(292): App\Controllers\CalificacionesAcademicasController->index()
#1 {main}
  thrown in C:\xampp\htdocs\Sistema_Estudiantes_Laravel\app\Controllers\CalificacionesAcademicasController.php on line 18
[03-Jan-2026 02:32:37 Europe/Berlin] PHP Fatal error:  Uncaught Error: Call to undefined method App\Controllers\CalificacionesTecnicasController::requireAuth() in C:\xampp\htdocs\Sistema_Estudiantes_Laravel\app\Controllers\CalificacionesTecnicasController.php:17
Stack trace:
#0 C:\xampp\htdocs\Sistema_Estudiantes_Laravel\public\index.php(292): App\Controllers\CalificacionesTecnicasController->index()
#1 {main}
  thrown in C:\xampp\htdocs\Sistema_Estudiantes_Laravel\app\Controllers\CalificacionesTecnicasController.php on line 17
[03-Jan-2026 02:35:33 Europe/Berlin] PHP Fatal error:  Uncaught Error: Call to undefined method App\Controllers\CalificacionesAcademicasController::requireAuth() in C:\xampp\htdocs\Sistema_Estudiantes_Laravel\app\Controllers\CalificacionesAcademicasController.php:18
Stack trace:
#0 C:\xampp\htdocs\Sistema_Estudiantes_Laravel\public\index.php(292): App\Controllers\CalificacionesAcademicasController->index()
#1 {main}
  thrown in C:\xampp\htdocs\Sistema_Estudiantes_Laravel\app\Controllers\CalificacionesAcademicasController.php on line 18
[03-Jan-2026 02:35:58 Europe/Berlin] PHP Fatal error:  Uncaught Error: Call to undefined method App\Controllers\CalificacionesTecnicasController::requireAuth() in C:\xampp\htdocs\Sistema_Estudiantes_Laravel\app\Controllers\CalificacionesTecnicasController.php:17
Stack trace:
#0 C:\xampp\htdocs\Sistema_Estudiantes_Laravel\public\index.php(292): App\Controllers\CalificacionesTecnicasController->index()
#1 {main}
  thrown in C:\xampp\htdocs\Sistema_Estudiantes_Laravel\app\Controllers\CalificacionesTecnicasController.php on line 17
[03-Jan-2026 02:44:12 Europe/Berlin] PHP Fatal error:  Uncaught Error: Call to undefined function App\Controllers\isAuthenticated() in C:\xampp\htdocs\Sistema_Estudiantes_Laravel\app\Controllers\Controller.php:91
Stack trace:
#0 C:\xampp\htdocs\Sistema_Estudiantes_Laravel\app\Controllers\CalificacionesAcademicasController.php(18): App\Controllers\Controller->requireAuth()
#1 C:\xampp\htdocs\Sistema_Estudiantes_Laravel\public\index.php(292): App\Controllers\CalificacionesAcademicasController->index()
#2 {main}
  thrown in C:\xampp\htdocs\Sistema_Estudiantes_Laravel\app\Controllers\Controller.php on line 91
[03-Jan-2026 02:44:45 Europe/Berlin] PHP Fatal error:  Uncaught Error: Call to undefined function App\Controllers\isAuthenticated() in C:\xampp\htdocs\Sistema_Estudiantes_Laravel\app\Controllers\Controller.php:91
Stack trace:
#0 C:\xampp\htdocs\Sistema_Estudiantes_Laravel\app\Controllers\CalificacionesAcademicasController.php(18): App\Controllers\Controller->requireAuth()
#1 C:\xampp\htdocs\Sistema_Estudiantes_Laravel\public\index.php(292): App\Controllers\CalificacionesAcademicasController->index()
#2 {main}
  thrown in C:\xampp\htdocs\Sistema_Estudiantes_Laravel\app\Controllers\Controller.php on line 91
[03-Jan-2026 02:47:53 Europe/Berlin] PHP Fatal error:  Uncaught Error: Call to undefined function App\Controllers\isAuthenticated() in C:\xampp\htdocs\Sistema_Estudiantes_Laravel\app\Controllers\Controller.php:91
Stack trace:
#0 C:\xampp\htdocs\Sistema_Estudiantes_Laravel\app\Controllers\CalificacionesAcademicasController.php(18): App\Controllers\Controller->requireAuth()
#1 C:\xampp\htdocs\Sistema_Estudiantes_Laravel\public\index.php(292): App\Controllers\CalificacionesAcademicasController->index()
#2 {main}
  thrown in C:\xampp\htdocs\Sistema_Estudiantes_Laravel\app\Controllers\Controller.php on line 91
[03-Jan-2026 02:47:54 Europe/Berlin] PHP Fatal error:  Uncaught Error: Call to undefined function App\Controllers\isAuthenticated() in C:\xampp\htdocs\Sistema_Estudiantes_Laravel\app\Controllers\Controller.php:91
Stack trace:
#0 C:\xampp\htdocs\Sistema_Estudiantes_Laravel\app\Controllers\CalificacionesAcademicasController.php(18): App\Controllers\Controller->requireAuth()
#1 C:\xampp\htdocs\Sistema_Estudiantes_Laravel\public\index.php(292): App\Controllers\CalificacionesAcademicasController->index()
#2 {main}
  thrown in C:\xampp\htdocs\Sistema_Estudiantes_Laravel\app\Controllers\Controller.php on line 91
[03-Jan-2026 02:48:10 Europe/Berlin] PHP Fatal error:  Uncaught Error: Call to undefined function App\Controllers\isAuthenticated() in C:\xampp\htdocs\Sistema_Estudiantes_Laravel\app\Controllers\Controller.php:91
Stack trace:
#0 C:\xampp\htdocs\Sistema_Estudiantes_Laravel\app\Controllers\CalificacionesAcademicasController.php(18): App\Controllers\Controller->requireAuth()
#1 C:\xampp\htdocs\Sistema_Estudiantes_Laravel\public\index.php(292): App\Controllers\CalificacionesAcademicasController->index()
#2 {main}
  thrown in C:\xampp\htdocs\Sistema_Estudiantes_Laravel\app\Controllers\Controller.php on line 91
[03-Jan-2026 02:48:11 Europe/Berlin] PHP Fatal error:  Uncaught Error: Call to undefined function App\Controllers\isAuthenticated() in C:\xampp\htdocs\Sistema_Estudiantes_Laravel\app\Controllers\Controller.php:91
Stack trace:
#0 C:\xampp\htdocs\Sistema_Estudiantes_Laravel\app\Controllers\CalificacionesAcademicasController.php(18): App\Controllers\Controller->requireAuth()
#1 C:\xampp\htdocs\Sistema_Estudiantes_Laravel\public\index.php(292): App\Controllers\CalificacionesAcademicasController->index()
#2 {main}
  thrown in C:\xampp\htdocs\Sistema_Estudiantes_Laravel\app\Controllers\Controller.php on line 91
[03-Jan-2026 02:48:12 Europe/Berlin] PHP Fatal error:  Uncaught Error: Call to undefined function App\Controllers\isAuthenticated() in C:\xampp\htdocs\Sistema_Estudiantes_Laravel\app\Controllers\Controller.php:91
Stack trace:
#0 C:\xampp\htdocs\Sistema_Estudiantes_Laravel\app\Controllers\CalificacionesAcademicasController.php(18): App\Controllers\Controller->requireAuth()
#1 C:\xampp\htdocs\Sistema_Estudiantes_Laravel\public\index.php(292): App\Controllers\CalificacionesAcademicasController->index()
#2 {main}
  thrown in C:\xampp\htdocs\Sistema_Estudiantes_Laravel\app\Controllers\Controller.php on line 91
[03-Jan-2026 02:48:33 Europe/Berlin] PHP Fatal error:  Uncaught Error: Call to undefined function App\Controllers\isAuthenticated() in C:\xampp\htdocs\Sistema_Estudiantes_Laravel\app\Controllers\Controller.php:91
Stack trace:
#0 C:\xampp\htdocs\Sistema_Estudiantes_Laravel\app\Controllers\CalificacionesAcademicasController.php(18): App\Controllers\Controller->requireAuth()
#1 C:\xampp\htdocs\Sistema_Estudiantes_Laravel\public\index.php(292): App\Controllers\CalificacionesAcademicasController->index()
#2 {main}
  thrown in C:\xampp\htdocs\Sistema_Estudiantes_Laravel\app\Controllers\Controller.php on line 91
[03-Jan-2026 03:00:03 Europe/Berlin] PHP Fatal error:  Uncaught Error: Call to undefined function App\Controllers\isAuthenticated() in C:\xampp\htdocs\Sistema_Estudiantes_Laravel\app\Controllers\Controller.php:91
Stack trace:
#0 C:\xampp\htdocs\Sistema_Estudiantes_Laravel\app\Controllers\CalificacionesAcademicasController.php(18): App\Controllers\Controller->requireAuth()
#1 C:\xampp\htdocs\Sistema_Estudiantes_Laravel\public\index.php(292): App\Controllers\CalificacionesAcademicasController->index()
#2 {main}
  thrown in C:\xampp\htdocs\Sistema_Estudiantes_Laravel\app\Controllers\Controller.php on line 91
[03-Jan-2026 03:01:41 Europe/Berlin] PHP Fatal error:  Uncaught Error: Call to undefined function App\Controllers\isAuthenticated() in C:\xampp\htdocs\Sistema_Estudiantes_Laravel\app\Controllers\Controller.php:91
Stack trace:
#0 C:\xampp\htdocs\Sistema_Estudiantes_Laravel\app\Controllers\CalificacionesAcademicasController.php(18): App\Controllers\Controller->requireAuth()
#1 C:\xampp\htdocs\Sistema_Estudiantes_Laravel\public\index.php(292): App\Controllers\CalificacionesAcademicasController->index()
#2 {main}
  thrown in C:\xampp\htdocs\Sistema_Estudiantes_Laravel\app\Controllers\Controller.php on line 91
[03-Jan-2026 03:04:23 Europe/Berlin] PHP Fatal error:  Uncaught Error: Call to undefined function App\Controllers\isAuthenticated() in C:\xampp\htdocs\Sistema_Estudiantes_Laravel\app\Controllers\Controller.php:91
Stack trace:
#0 C:\xampp\htdocs\Sistema_Estudiantes_Laravel\app\Controllers\CalificacionesAcademicasController.php(18): App\Controllers\Controller->requireAuth()
#1 C:\xampp\htdocs\Sistema_Estudiantes_Laravel\public\index.php(292): App\Controllers\CalificacionesAcademicasController->index()
#2 {main}
  thrown in C:\xampp\htdocs\Sistema_Estudiantes_Laravel\app\Controllers\Controller.php on line 91
[03-Jan-2026 03:06:12 Europe/Berlin] PHP Fatal error:  Uncaught Error: Call to undefined function App\Controllers\isAuthenticated() in C:\xampp\htdocs\Sistema_Estudiantes_Laravel\app\Controllers\Controller.php:91
Stack trace:
#0 C:\xampp\htdocs\Sistema_Estudiantes_Laravel\app\Controllers\CalificacionesAcademicasController.php(18): App\Controllers\Controller->requireAuth()
#1 C:\xampp\htdocs\Sistema_Estudiantes_Laravel\public\index.php(292): App\Controllers\CalificacionesAcademicasController->index()
#2 {main}
  thrown in C:\xampp\htdocs\Sistema_Estudiantes_Laravel\app\Controllers\Controller.php on line 91
[03-Jan-2026 03:06:17 Europe/Berlin] PHP Fatal error:  Uncaught Error: Call to undefined function App\Controllers\isAuthenticated() in C:\xampp\htdocs\Sistema_Estudiantes_Laravel\app\Controllers\Controller.php:91
Stack trace:
#0 C:\xampp\htdocs\Sistema_Estudiantes_Laravel\app\Controllers\CalificacionesAcademicasController.php(18): App\Controllers\Controller->requireAuth()
#1 C:\xampp\htdocs\Sistema_Estudiantes_Laravel\public\index.php(292): App\Controllers\CalificacionesAcademicasController->index()
#2 {main}
  thrown in C:\xampp\htdocs\Sistema_Estudiantes_Laravel\app\Controllers\Controller.php on line 91
[03-Jan-2026 03:06:49 Europe/Berlin] PHP Fatal error:  Uncaught Error: Call to undefined function App\Controllers\isAuthenticated() in C:\xampp\htdocs\Sistema_Estudiantes_Laravel\app\Controllers\Controller.php:91
Stack trace:
#0 C:\xampp\htdocs\Sistema_Estudiantes_Laravel\app\Controllers\CalificacionesAcademicasController.php(18): App\Controllers\Controller->requireAuth()
#1 C:\xampp\htdocs\Sistema_Estudiantes_Laravel\public\index.php(292): App\Controllers\CalificacionesAcademicasController->index()
#2 {main}
  thrown in C:\xampp\htdocs\Sistema_Estudiantes_Laravel\app\Controllers\Controller.php on line 91
[03-Jan-2026 03:08:20 Europe/Berlin] PHP Fatal error:  Uncaught Error: Call to undefined function App\Controllers\isAuthenticated() in C:\xampp\htdocs\Sistema_Estudiantes_Laravel\app\Controllers\Controller.php:91
Stack trace:
#0 C:\xampp\htdocs\Sistema_Estudiantes_Laravel\app\Controllers\CalificacionesTecnicasController.php(17): App\Controllers\Controller->requireAuth()
#1 C:\xampp\htdocs\Sistema_Estudiantes_Laravel\public\index.php(292): App\Controllers\CalificacionesTecnicasController->index()
#2 {main}
  thrown in C:\xampp\htdocs\Sistema_Estudiantes_Laravel\app\Controllers\Controller.php on line 91
[03-Jan-2026 03:14:58 Europe/Berlin] PHP Fatal error:  Uncaught Error: Call to undefined function App\Controllers\isAuthenticated() in C:\xampp\htdocs\Sistema_Estudiantes_Laravel\app\Controllers\Controller.php:91
Stack trace:
#0 C:\xampp\htdocs\Sistema_Estudiantes_Laravel\app\Controllers\CalificacionesAcademicasController.php(18): App\Controllers\Controller->requireAuth()
#1 C:\xampp\htdocs\Sistema_Estudiantes_Laravel\public\index.php(292): App\Controllers\CalificacionesAcademicasController->index()
#2 {main}
  thrown in C:\xampp\htdocs\Sistema_Estudiantes_Laravel\app\Controllers\Controller.php on line 91
[03-Jan-2026 22:35:04 Europe/Berlin] PHP Fatal error:  Uncaught Error: Call to undefined function App\Controllers\isAuthenticated() in C:\xampp\htdocs\Sistema_Estudiantes_Laravel\app\Controllers\Controller.php:91
Stack trace:
#0 C:\xampp\htdocs\Sistema_Estudiantes_Laravel\app\Controllers\CalificacionesAcademicasController.php(18): App\Controllers\Controller->requireAuth()
#1 C:\xampp\htdocs\Sistema_Estudiantes_Laravel\public\index.php(292): App\Controllers\CalificacionesAcademicasController->index()
#2 {main}
  thrown in C:\xampp\htdocs\Sistema_Estudiantes_Laravel\app\Controllers\Controller.php on line 91
[03-Jan-2026 22:35:37 Europe/Berlin] PHP Fatal error:  Uncaught Error: Call to undefined function App\Controllers\isAuthenticated() in C:\xampp\htdocs\Sistema_Estudiantes_Laravel\app\Controllers\Controller.php:91
Stack trace:
#0 C:\xampp\htdocs\Sistema_Estudiantes_Laravel\app\Controllers\CalificacionesTecnicasController.php(17): App\Controllers\Controller->requireAuth()
#1 C:\xampp\htdocs\Sistema_Estudiantes_Laravel\public\index.php(292): App\Controllers\CalificacionesTecnicasController->index()
#2 {main}
  thrown in C:\xampp\htdocs\Sistema_Estudiantes_Laravel\app\Controllers\Controller.php on line 91
[03-Jan-2026 22:36:27 Europe/Berlin] PHP Fatal error:  Uncaught Error: Call to undefined function App\Controllers\isAuthenticated() in C:\xampp\htdocs\Sistema_Estudiantes_Laravel\app\Controllers\Controller.php:91
Stack trace:
#0 C:\xampp\htdocs\Sistema_Estudiantes_Laravel\app\Controllers\CalificacionesAcademicasController.php(18): App\Controllers\Controller->requireAuth()
#1 C:\xampp\htdocs\Sistema_Estudiantes_Laravel\public\index.php(292): App\Controllers\CalificacionesAcademicasController->index()
#2 {main}
  thrown in C:\xampp\htdocs\Sistema_Estudiantes_Laravel\app\Controllers\Controller.php on line 91
[03-Jan-2026 22:37:39 Europe/Berlin] PHP Fatal error:  Uncaught Error: Call to undefined function App\Controllers\isAuthenticated() in C:\xampp\htdocs\Sistema_Estudiantes_Laravel\app\Controllers\Controller.php:91
Stack trace:
#0 C:\xampp\htdocs\Sistema_Estudiantes_Laravel\app\Controllers\CalificacionesAcademicasController.php(18): App\Controllers\Controller->requireAuth()
#1 C:\xampp\htdocs\Sistema_Estudiantes_Laravel\public\index.php(292): App\Controllers\CalificacionesAcademicasController->index()
#2 {main}
  thrown in C:\xampp\htdocs\Sistema_Estudiantes_Laravel\app\Controllers\Controller.php on line 91
[03-Jan-2026 22:38:09 Europe/Berlin] PHP Fatal error:  Uncaught Error: Call to undefined function App\Controllers\isAuthenticated() in C:\xampp\htdocs\Sistema_Estudiantes_Laravel\app\Controllers\Controller.php:91
Stack trace:
#0 C:\xampp\htdocs\Sistema_Estudiantes_Laravel\app\Controllers\CalificacionesAcademicasController.php(18): App\Controllers\Controller->requireAuth()
#1 C:\xampp\htdocs\Sistema_Estudiantes_Laravel\public\index.php(292): App\Controllers\CalificacionesAcademicasController->index()
#2 {main}
  thrown in C:\xampp\htdocs\Sistema_Estudiantes_Laravel\app\Controllers\Controller.php on line 91
[03-Jan-2026 22:38:54 Europe/Berlin] PHP Fatal error:  Uncaught Error: Call to undefined function App\Controllers\isAuthenticated() in C:\xampp\htdocs\Sistema_Estudiantes_Laravel\app\Controllers\Controller.php:91
Stack trace:
#0 C:\xampp\htdocs\Sistema_Estudiantes_Laravel\app\Controllers\CalificacionesAcademicasController.php(18): App\Controllers\Controller->requireAuth()
#1 C:\xampp\htdocs\Sistema_Estudiantes_Laravel\public\index.php(292): App\Controllers\CalificacionesAcademicasController->index()
#2 {main}
  thrown in C:\xampp\htdocs\Sistema_Estudiantes_Laravel\app\Controllers\Controller.php on line 91
[03-Jan-2026 22:39:09 Europe/Berlin] PHP Fatal error:  Uncaught Error: Call to undefined function App\Controllers\isAuthenticated() in C:\xampp\htdocs\Sistema_Estudiantes_Laravel\app\Controllers\Controller.php:91
Stack trace:
#0 C:\xampp\htdocs\Sistema_Estudiantes_Laravel\app\Controllers\CalificacionesTecnicasController.php(17): App\Controllers\Controller->requireAuth()
#1 C:\xampp\htdocs\Sistema_Estudiantes_Laravel\public\index.php(292): App\Controllers\CalificacionesTecnicasController->index()
#2 {main}
  thrown in C:\xampp\htdocs\Sistema_Estudiantes_Laravel\app\Controllers\Controller.php on line 91
[03-Jan-2026 22:39:13 Europe/Berlin] PHP Fatal error:  Uncaught Error: Call to undefined function App\Controllers\isAuthenticated() in C:\xampp\htdocs\Sistema_Estudiantes_Laravel\app\Controllers\Controller.php:91
Stack trace:
#0 C:\xampp\htdocs\Sistema_Estudiantes_Laravel\app\Controllers\CalificacionesAcademicasController.php(18): App\Controllers\Controller->requireAuth()
#1 C:\xampp\htdocs\Sistema_Estudiantes_Laravel\public\index.php(292): App\Controllers\CalificacionesAcademicasController->index()
#2 {main}
  thrown in C:\xampp\htdocs\Sistema_Estudiantes_Laravel\app\Controllers\Controller.php on line 91
[03-Jan-2026 22:54:23 Europe/Berlin] PHP Fatal error:  Uncaught Error: Call to undefined function App\Controllers\isAuthenticated() in C:\xampp\htdocs\Sistema_Estudiantes_Laravel\app\Controllers\Controller.php:91
Stack trace:
#0 C:\xampp\htdocs\Sistema_Estudiantes_Laravel\app\Controllers\CalificacionesAcademicasController.php(18): App\Controllers\Controller->requireAuth()
#1 C:\xampp\htdocs\Sistema_Estudiantes_Laravel\public\index.php(292): App\Controllers\CalificacionesAcademicasController->index()
#2 {main}
  thrown in C:\xampp\htdocs\Sistema_Estudiantes_Laravel\app\Controllers\Controller.php on line 91
[03-Jan-2026 22:57:36 Europe/Berlin] PHP Fatal error:  Uncaught Error: Call to undefined function App\Controllers\isAuthenticated() in C:\xampp\htdocs\Sistema_Estudiantes_Laravel\app\Controllers\Controller.php:91
Stack trace:
#0 C:\xampp\htdocs\Sistema_Estudiantes_Laravel\app\Controllers\CalificacionesAcademicasController.php(18): App\Controllers\Controller->requireAuth()
#1 C:\xampp\htdocs\Sistema_Estudiantes_Laravel\public\index.php(292): App\Controllers\CalificacionesAcademicasController->index()
#2 {main}
  thrown in C:\xampp\htdocs\Sistema_Estudiantes_Laravel\app\Controllers\Controller.php on line 91
[03-Jan-2026 22:57:41 Europe/Berlin] PHP Fatal error:  Uncaught Error: Call to undefined function App\Controllers\isAuthenticated() in C:\xampp\htdocs\Sistema_Estudiantes_Laravel\app\Controllers\Controller.php:91
Stack trace:
#0 C:\xampp\htdocs\Sistema_Estudiantes_Laravel\app\Controllers\CalificacionesAcademicasController.php(18): App\Controllers\Controller->requireAuth()
#1 C:\xampp\htdocs\Sistema_Estudiantes_Laravel\public\index.php(292): App\Controllers\CalificacionesAcademicasController->index()
#2 {main}
  thrown in C:\xampp\htdocs\Sistema_Estudiantes_Laravel\app\Controllers\Controller.php on line 91
[04-Jan-2026 02:47:46 Europe/Berlin] PHP Parse error:  syntax error, unexpected variable "$ra", expecting "function" or "const" in C:\xampp\htdocs\Sistema_Estudiantes_Laravel\app\Controllers\CalificacionesTecnicasController.php on line 186
[04-Jan-2026 02:47:46 Europe/Berlin] PHP Parse error:  syntax error, unexpected variable "$ra", expecting "function" or "const" in C:\xampp\htdocs\Sistema_Estudiantes_Laravel\app\Controllers\CalificacionesTecnicasController.php on line 186
[04-Jan-2026 02:49:27 Europe/Berlin] PHP Parse error:  syntax error, unexpected variable "$ra", expecting "function" or "const" in C:\xampp\htdocs\Sistema_Estudiantes_Laravel\app\Controllers\CalificacionesTecnicasController.php on line 186
[04-Jan-2026 02:49:27 Europe/Berlin] PHP Parse error:  syntax error, unexpected variable "$ra", expecting "function" or "const" in C:\xampp\htdocs\Sistema_Estudiantes_Laravel\app\Controllers\CalificacionesTecnicasController.php on line 186
[04-Jan-2026 17:50:35 Europe/Berlin] PHP Fatal error:  Uncaught Error: Class name must be a valid object or a string in C:\xampp\htdocs\Sistema_Estudiantes_Laravel\app\Controllers\Controller.php:21
Stack trace:
#0 C:\xampp\htdocs\Sistema_Estudiantes_Laravel\public\index.php(313): App\Controllers\Controller->show('profesores')
#1 {main}
  thrown in C:\xampp\htdocs\Sistema_Estudiantes_Laravel\app\Controllers\Controller.php on line 21
[04-Jan-2026 17:59:40 Europe/Berlin] PHP Fatal error:  Uncaught Error: Class name must be a valid object or a string in C:\xampp\htdocs\Sistema_Estudiantes_Laravel\app\Controllers\Controller.php:21
Stack trace:
#0 C:\xampp\htdocs\Sistema_Estudiantes_Laravel\public\index.php(313): App\Controllers\Controller->show('profesores')
#1 {main}
  thrown in C:\xampp\htdocs\Sistema_Estudiantes_Laravel\app\Controllers\Controller.php on line 21
[04-Jan-2026 18:05:00 Europe/Berlin] PHP Fatal error:  Uncaught Error: Class name must be a valid object or a string in C:\xampp\htdocs\Sistema_Estudiantes_Laravel\app\Controllers\Controller.php:21
Stack trace:
#0 C:\xampp\htdocs\Sistema_Estudiantes_Laravel\public\index.php(313): App\Controllers\Controller->show('profesores')
#1 {main}
  thrown in C:\xampp\htdocs\Sistema_Estudiantes_Laravel\app\Controllers\Controller.php on line 21
[04-Jan-2026 18:05:14 Europe/Berlin] PHP Fatal error:  Uncaught Error: Class name must be a valid object or a string in C:\xampp\htdocs\Sistema_Estudiantes_Laravel\app\Controllers\Controller.php:21
Stack trace:
#0 C:\xampp\htdocs\Sistema_Estudiantes_Laravel\public\index.php(313): App\Controllers\Controller->show('profesores')
#1 {main}
  thrown in C:\xampp\htdocs\Sistema_Estudiantes_Laravel\app\Controllers\Controller.php on line 21
[04-Jan-2026 18:06:13 Europe/Berlin] PHP Fatal error:  Uncaught Error: Class name must be a valid object or a string in C:\xampp\htdocs\Sistema_Estudiantes_Laravel\app\Controllers\Controller.php:21
Stack trace:
#0 C:\xampp\htdocs\Sistema_Estudiantes_Laravel\public\index.php(313): App\Controllers\Controller->show('profesores')
#1 {main}
  thrown in C:\xampp\htdocs\Sistema_Estudiantes_Laravel\app\Controllers\Controller.php on line 21
[04-Jan-2026 18:12:02 Europe/Berlin] PHP Fatal error:  Uncaught Error: Class name must be a valid object or a string in C:\xampp\htdocs\Sistema_Estudiantes_Laravel\app\Controllers\Controller.php:21
Stack trace:
#0 C:\xampp\htdocs\Sistema_Estudiantes_Laravel\public\index.php(313): App\Controllers\Controller->show('profesores')
#1 {main}
  thrown in C:\xampp\htdocs\Sistema_Estudiantes_Laravel\app\Controllers\Controller.php on line 21
[04-Jan-2026 18:12:04 Europe/Berlin] PHP Fatal error:  Uncaught Error: Class name must be a valid object or a string in C:\xampp\htdocs\Sistema_Estudiantes_Laravel\app\Controllers\Controller.php:21
Stack trace:
#0 C:\xampp\htdocs\Sistema_Estudiantes_Laravel\public\index.php(313): App\Controllers\Controller->show('profesores')
#1 {main}
  thrown in C:\xampp\htdocs\Sistema_Estudiantes_Laravel\app\Controllers\Controller.php on line 21
[04-Jan-2026 18:12:05 Europe/Berlin] PHP Fatal error:  Uncaught Error: Class name must be a valid object or a string in C:\xampp\htdocs\Sistema_Estudiantes_Laravel\app\Controllers\Controller.php:21
Stack trace:
#0 C:\xampp\htdocs\Sistema_Estudiantes_Laravel\public\index.php(313): App\Controllers\Controller->show('profesores')
#1 {main}
  thrown in C:\xampp\htdocs\Sistema_Estudiantes_Laravel\app\Controllers\Controller.php on line 21
[04-Jan-2026 18:12:09 Europe/Berlin] PHP Fatal error:  Uncaught Error: Class name must be a valid object or a string in C:\xampp\htdocs\Sistema_Estudiantes_Laravel\app\Controllers\Controller.php:21
Stack trace:
#0 C:\xampp\htdocs\Sistema_Estudiantes_Laravel\public\index.php(313): App\Controllers\Controller->show('profesores')
#1 {main}
  thrown in C:\xampp\htdocs\Sistema_Estudiantes_Laravel\app\Controllers\Controller.php on line 21
[04-Jan-2026 18:13:06 Europe/Berlin] PHP Fatal error:  Uncaught Error: Class name must be a valid object or a string in C:\xampp\htdocs\Sistema_Estudiantes_Laravel\app\Controllers\Controller.php:21
Stack trace:
#0 C:\xampp\htdocs\Sistema_Estudiantes_Laravel\public\index.php(313): App\Controllers\Controller->show('profesores')
#1 {main}
  thrown in C:\xampp\htdocs\Sistema_Estudiantes_Laravel\app\Controllers\Controller.php on line 21
[04-Jan-2026 18:14:17 Europe/Berlin] PHP Fatal error:  Uncaught Error: Class name must be a valid object or a string in C:\xampp\htdocs\Sistema_Estudiantes_Laravel\app\Controllers\Controller.php:21
Stack trace:
#0 C:\xampp\htdocs\Sistema_Estudiantes_Laravel\public\index.php(313): App\Controllers\Controller->show('profesores')
#1 {main}
  thrown in C:\xampp\htdocs\Sistema_Estudiantes_Laravel\app\Controllers\Controller.php on line 21
[04-Jan-2026 18:23:42 Europe/Berlin] PHP Fatal error:  Uncaught Error: Class name must be a valid object or a string in C:\xampp\htdocs\Sistema_Estudiantes_Laravel\app\Controllers\Controller.php:21
Stack trace:
#0 C:\xampp\htdocs\Sistema_Estudiantes_Laravel\public\index.php(313): App\Controllers\Controller->show('profesores')
#1 {main}
  thrown in C:\xampp\htdocs\Sistema_Estudiantes_Laravel\app\Controllers\Controller.php on line 21
[04-Jan-2026 18:24:44 Europe/Berlin] PHP Fatal error:  Uncaught Error: Class name must be a valid object or a string in C:\xampp\htdocs\Sistema_Estudiantes_Laravel\app\Controllers\Controller.php:21
Stack trace:
#0 C:\xampp\htdocs\Sistema_Estudiantes_Laravel\public\index.php(313): App\Controllers\Controller->show('profesores')
#1 {main}
  thrown in C:\xampp\htdocs\Sistema_Estudiantes_Laravel\app\Controllers\Controller.php on line 21
[04-Jan-2026 18:25:33 Europe/Berlin] PHP Fatal error:  Uncaught Error: Class name must be a valid object or a string in C:\xampp\htdocs\Sistema_Estudiantes_Laravel\app\Controllers\Controller.php:21
Stack trace:
#0 C:\xampp\htdocs\Sistema_Estudiantes_Laravel\public\index.php(313): App\Controllers\Controller->show('profesores')
#1 {main}
  thrown in C:\xampp\htdocs\Sistema_Estudiantes_Laravel\app\Controllers\Controller.php on line 21
[04-Jan-2026 18:34:18 Europe/Berlin] PHP Fatal error:  Uncaught Error: Class name must be a valid object or a string in C:\xampp\htdocs\Sistema_Estudiantes_Laravel\app\Controllers\Controller.php:21
Stack trace:
#0 C:\xampp\htdocs\Sistema_Estudiantes_Laravel\public\index.php(313): App\Controllers\Controller->show('profesores')
#1 {main}
  thrown in C:\xampp\htdocs\Sistema_Estudiantes_Laravel\app\Controllers\Controller.php on line 21
[04-Jan-2026 18:37:32 Europe/Berlin] PHP Fatal error:  Uncaught Error: Class name must be a valid object or a string in C:\xampp\htdocs\Sistema_Estudiantes_Laravel\app\Controllers\Controller.php:21
Stack trace:
#0 C:\xampp\htdocs\Sistema_Estudiantes_Laravel\public\index.php(313): App\Controllers\Controller->show('profesores')
#1 {main}
  thrown in C:\xampp\htdocs\Sistema_Estudiantes_Laravel\app\Controllers\Controller.php on line 21
[04-Jan-2026 18:37:34 Europe/Berlin] PHP Fatal error:  Uncaught Error: Class name must be a valid object or a string in C:\xampp\htdocs\Sistema_Estudiantes_Laravel\app\Controllers\Controller.php:21
Stack trace:
#0 C:\xampp\htdocs\Sistema_Estudiantes_Laravel\public\index.php(313): App\Controllers\Controller->show('profesores')
#1 {main}
  thrown in C:\xampp\htdocs\Sistema_Estudiantes_Laravel\app\Controllers\Controller.php on line 21
[04-Jan-2026 20:07:53 Europe/Berlin] PHP Fatal error:  Declaration of App\Controllers\InstitucionController::update() must be compatible with App\Controllers\Controller::update($id) in C:\xampp\htdocs\Sistema_Estudiantes_Laravel\app\Controllers\InstitucionController.php on line 33
[04-Jan-2026 20:08:42 Europe/Berlin] PHP Fatal error:  Declaration of App\Controllers\InstitucionController::update() must be compatible with App\Controllers\Controller::update($id) in C:\xampp\htdocs\Sistema_Estudiantes_Laravel\app\Controllers\InstitucionController.php on line 33
[04-Jan-2026 20:08:51 Europe/Berlin] PHP Fatal error:  Declaration of App\Controllers\InstitucionController::update() must be compatible with App\Controllers\Controller::update($id) in C:\xampp\htdocs\Sistema_Estudiantes_Laravel\app\Controllers\InstitucionController.php on line 33
[04-Jan-2026 20:11:38 Europe/Berlin] PHP Fatal error:  Declaration of App\Controllers\InstitucionController::update() must be compatible with App\Controllers\Controller::update($id) in C:\xampp\htdocs\Sistema_Estudiantes_Laravel\app\Controllers\InstitucionController.php on line 33
[04-Jan-2026 20:11:58 Europe/Berlin] PHP Fatal error:  Declaration of App\Controllers\InstitucionController::update() must be compatible with App\Controllers\Controller::update($id) in C:\xampp\htdocs\Sistema_Estudiantes_Laravel\app\Controllers\InstitucionController.php on line 33
[04-Jan-2026 20:13:51 Europe/Berlin] PHP Fatal error:  Declaration of App\Controllers\InstitucionController::update() must be compatible with App\Controllers\Controller::update($id) in C:\xampp\htdocs\Sistema_Estudiantes_Laravel\app\Controllers\InstitucionController.php on line 33
[04-Jan-2026 20:14:11 Europe/Berlin] PHP Fatal error:  Declaration of App\Controllers\InstitucionController::update() must be compatible with App\Controllers\Controller::update($id) in C:\xampp\htdocs\Sistema_Estudiantes_Laravel\app\Controllers\InstitucionController.php on line 33
[04-Jan-2026 20:15:39 Europe/Berlin] PHP Fatal error:  Declaration of App\Controllers\InstitucionController::update() must be compatible with App\Controllers\Controller::update($id) in C:\xampp\htdocs\Sistema_Estudiantes_Laravel\app\Controllers\InstitucionController.php on line 33
[04-Jan-2026 23:12:45 Europe/Berlin] PHP Fatal error:  Uncaught Error: Call to undefined method App\Controllers\ProfesorController::getAuthUser() in C:\xampp\htdocs\Sistema_Estudiantes_Laravel\app\Controllers\ProfesorController.php:28
Stack trace:
#0 C:\xampp\htdocs\Sistema_Estudiantes_Laravel\public\index.php(320): App\Controllers\ProfesorController->misMaterias()
#1 {main}
  thrown in C:\xampp\htdocs\Sistema_Estudiantes_Laravel\app\Controllers\ProfesorController.php on line 28
[04-Jan-2026 23:13:53 Europe/Berlin] PHP Fatal error:  Uncaught Error: Call to undefined method App\Controllers\ProfesorController::getAuthUser() in C:\xampp\htdocs\Sistema_Estudiantes_Laravel\app\Controllers\ProfesorController.php:28
Stack trace:
#0 C:\xampp\htdocs\Sistema_Estudiantes_Laravel\public\index.php(320): App\Controllers\ProfesorController->misMaterias()
#1 {main}
  thrown in C:\xampp\htdocs\Sistema_Estudiantes_Laravel\app\Controllers\ProfesorController.php on line 28
[04-Jan-2026 23:18:44 Europe/Berlin] PHP Warning:  Array to string conversion in C:\xampp\htdocs\Sistema_Estudiantes_Laravel\app\Models\Model.php on line 79
[04-Jan-2026 23:19:03 Europe/Berlin] PHP Warning:  Array to string conversion in C:\xampp\htdocs\Sistema_Estudiantes_Laravel\app\Models\Model.php on line 79
[04-Jan-2026 23:23:43 Europe/Berlin] PHP Warning:  Array to string conversion in C:\xampp\htdocs\Sistema_Estudiantes_Laravel\app\Models\Model.php on line 79
[04-Jan-2026 23:27:13 Europe/Berlin] PHP Warning:  Array to string conversion in C:\xampp\htdocs\Sistema_Estudiantes_Laravel\app\Models\Model.php on line 79
[04-Jan-2026 23:28:39 Europe/Berlin] PHP Warning:  Array to string conversion in C:\xampp\htdocs\Sistema_Estudiantes_Laravel\app\Models\Model.php on line 79
[04-Jan-2026 23:38:41 Europe/Berlin] PHP Fatal error:  Cannot redeclare App\Controllers\ProfesorController::store() in C:\xampp\htdocs\Sistema_Estudiantes_Laravel\app\Controllers\ProfesorController.php on line 250
[04-Jan-2026 23:38:47 Europe/Berlin] PHP Fatal error:  Cannot redeclare App\Controllers\ProfesorController::store() in C:\xampp\htdocs\Sistema_Estudiantes_Laravel\app\Controllers\ProfesorController.php on line 250
[04-Jan-2026 23:38:48 Europe/Berlin] PHP Fatal error:  Cannot redeclare App\Controllers\ProfesorController::store() in C:\xampp\htdocs\Sistema_Estudiantes_Laravel\app\Controllers\ProfesorController.php on line 250
[04-Jan-2026 23:39:12 Europe/Berlin] PHP Fatal error:  Cannot redeclare App\Controllers\ProfesorController::store() in C:\xampp\htdocs\Sistema_Estudiantes_Laravel\app\Controllers\ProfesorController.php on line 250
[04-Jan-2026 23:39:18 Europe/Berlin] PHP Fatal error:  Cannot redeclare App\Controllers\ProfesorController::store() in C:\xampp\htdocs\Sistema_Estudiantes_Laravel\app\Controllers\ProfesorController.php on line 250
[04-Jan-2026 23:39:29 Europe/Berlin] PHP Fatal error:  Cannot redeclare App\Controllers\ProfesorController::store() in C:\xampp\htdocs\Sistema_Estudiantes_Laravel\app\Controllers\ProfesorController.php on line 250
[04-Jan-2026 23:39:40 Europe/Berlin] PHP Fatal error:  Cannot redeclare App\Controllers\ProfesorController::store() in C:\xampp\htdocs\Sistema_Estudiantes_Laravel\app\Controllers\ProfesorController.php on line 250
[04-Jan-2026 23:46:17 Europe/Berlin] PHP Warning:  Array to string conversion in C:\xampp\htdocs\Sistema_Estudiantes_Laravel\app\Models\Model.php on line 79
[04-Jan-2026 23:50:27 Europe/Berlin] PHP Warning:  Array to string conversion in C:\xampp\htdocs\Sistema_Estudiantes_Laravel\app\Models\Model.php on line 79
[04-Jan-2026 23:51:54 Europe/Berlin] PHP Warning:  Array to string conversion in C:\xampp\htdocs\Sistema_Estudiantes_Laravel\app\Models\Model.php on line 79
[04-Jan-2026 23:51:59 Europe/Berlin] PHP Warning:  Array to string conversion in C:\xampp\htdocs\Sistema_Estudiantes_Laravel\app\Models\Model.php on line 79
[04-Jan-2026 23:52:03 Europe/Berlin] PHP Warning:  Array to string conversion in C:\xampp\htdocs\Sistema_Estudiantes_Laravel\app\Models\Model.php on line 79
[04-Jan-2026 23:52:04 Europe/Berlin] PHP Warning:  Array to string conversion in C:\xampp\htdocs\Sistema_Estudiantes_Laravel\app\Models\Model.php on line 79
[05-Jan-2026 00:06:21 Europe/Berlin] PHP Fatal error:  Uncaught Error: Class name must be a valid object or a string in C:\xampp\htdocs\Sistema_Estudiantes_Laravel\app\Controllers\Controller.php:21
Stack trace:
#0 C:\xampp\htdocs\Sistema_Estudiantes_Laravel\public\index.php(322): App\Controllers\Controller->show('profesores')
#1 {main}
  thrown in C:\xampp\htdocs\Sistema_Estudiantes_Laravel\app\Controllers\Controller.php on line 21
[05-Jan-2026 00:40:00 Europe/Berlin] PHP Fatal error:  Uncaught Error: Class name must be a valid object or a string in C:\xampp\htdocs\Sistema_Estudiantes_Laravel\app\Controllers\Controller.php:21
Stack trace:
#0 C:\xampp\htdocs\Sistema_Estudiantes_Laravel\public\index.php(322): App\Controllers\Controller->show('profesores')
#1 {main}
  thrown in C:\xampp\htdocs\Sistema_Estudiantes_Laravel\app\Controllers\Controller.php on line 21
[05-Jan-2026 00:40:55 Europe/Berlin] PHP Fatal error:  Uncaught Error: Class name must be a valid object or a string in C:\xampp\htdocs\Sistema_Estudiantes_Laravel\app\Controllers\Controller.php:21
Stack trace:
#0 C:\xampp\htdocs\Sistema_Estudiantes_Laravel\public\index.php(322): App\Controllers\Controller->show('profesores')
#1 {main}
  thrown in C:\xampp\htdocs\Sistema_Estudiantes_Laravel\app\Controllers\Controller.php on line 21
[05-Jan-2026 01:33:43 Europe/Berlin] PHP Fatal error:  Uncaught Error: Class name must be a valid object or a string in C:\xampp\htdocs\Sistema_Estudiantes_Laravel\app\Controllers\Controller.php:21
Stack trace:
#0 C:\xampp\htdocs\Sistema_Estudiantes_Laravel\public\index.php(322): App\Controllers\Controller->show('profesores')
#1 {main}
  thrown in C:\xampp\htdocs\Sistema_Estudiantes_Laravel\app\Controllers\Controller.php on line 21
[05-Jan-2026 01:36:10 Europe/Berlin] PHP Warning:  Array to string conversion in C:\xampp\htdocs\Sistema_Estudiantes_Laravel\app\Models\Model.php on line 37
[05-Jan-2026 19:32:06 Europe/Berlin] PHP Fatal error:  Uncaught Error: Class name must be a valid object or a string in C:\xampp\htdocs\Sistema_Estudiantes_Laravel\app\Controllers\Controller.php:21
Stack trace:
#0 C:\xampp\htdocs\Sistema_Estudiantes_Laravel\public\index.php(322): App\Controllers\Controller->show('profesores')
#1 {main}
  thrown in C:\xampp\htdocs\Sistema_Estudiantes_Laravel\app\Controllers\Controller.php on line 21
[05-Jan-2026 19:58:07 Europe/Berlin] PHP Fatal error:  Uncaught Error: Class name must be a valid object or a string in C:\xampp\htdocs\Sistema_Estudiantes_Laravel\app\Controllers\Controller.php:21
Stack trace:
#0 C:\xampp\htdocs\Sistema_Estudiantes_Laravel\public\index.php(322): App\Controllers\Controller->show('profesores')
#1 {main}
  thrown in C:\xampp\htdocs\Sistema_Estudiantes_Laravel\app\Controllers\Controller.php on line 21
